[cx34:calib-train] prepared 5/10
[cx34:calib-train] prepared 10/10
[cx34:calib-val] prepared 5/7
[cx34:calib-val] prepared 7/7
[cx34:public] prepared 5/18
[cx34:public] prepared 10/18
[cx34:public] prepared 15/18
[cx34:public] prepared 18/18
[CX33-B (Parent)] 5/7
[CX33-B (Parent)] 7/7
[CX34-A (Candidate)] 5/7
[CX34-A (Candidate)] 7/7
[cx34:CX34-A] trial=1 params=CX34AMSRParams(turn_bridge_max=0.1, turn_focus_max=0.36, rescue_bridge_max=0.08, rescue_focus_min=0.39, rescue_path_min=0.99, rescue_budget=1, suppress_bridge_min=0.11, suppress_bridge_max=0.13, suppress_focus_max=0.31, suppress_path_min=0.97, stubborn_bridge_min=0.125, stubborn_focus_max=0.34, stubborn_path_max=0.97, macro_bridge_min=0.075, macro_bridge_max=0.095, macro_focus_min=0.34, macro_focus_max=0.37, macro_path_min=0.97, macro_path_max=1.01, maze_revisit_thr=2, maze_stall_steps=18, reverse_required_thr=0.1, trap_thr=0.54, progress_eps=0.02, commit_fail_margin=0.05, failure_ttl=32, history_window=16, cell_stride=2, yaw_bins=24) score=(1, 0.0, 0.0, 0.0, 0.0, 0.0, 0.020046297216357766)
[CX34-A (Candidate)] 5/7
[CX34-A (Candidate)] 7/7
[cx34:CX34-A] trial=2 params=CX34AMSRParams(turn_bridge_max=0.1, turn_focus_max=0.36, rescue_bridge_max=0.08, rescue_focus_min=0.39, rescue_path_min=0.99, rescue_budget=1, suppress_bridge_min=0.11, suppress_bridge_max=0.13, suppress_focus_max=0.31, suppress_path_min=0.97, stubborn_bridge_min=0.125, stubborn_focus_max=0.34, stubborn_path_max=0.97, macro_bridge_min=0.078, macro_bridge_max=0.095, macro_focus_min=0.34, macro_focus_max=0.37, macro_path_min=0.97, macro_path_max=1.01, maze_revisit_thr=2, maze_stall_steps=18, reverse_required_thr=0.1, trap_thr=0.54, progress_eps=0.02, commit_fail_margin=0.05, failure_ttl=32, history_window=16, cell_stride=2, yaw_bins=24) score=(1, 0.0, 0.0, 0.0, 0.0, 0.0, 0.017446297003457234)
[CX34-A (Candidate)] 5/7
[CX34-A (Candidate)] 7/7
[cx34:CX34-A] trial=3 params=CX34AMSRParams(turn_bridge_max=0.1, turn_focus_max=0.36, rescue_bridge_max=0.08, rescue_focus_min=0.39, rescue_path_min=0.99, rescue_budget=1, suppress_bridge_min=0.11, suppress_bridge_max=0.13, suppress_focus_max=0.31, suppress_path_min=0.97, stubborn_bridge_min=0.125, stubborn_focus_max=0.34, stubborn_path_max=0.97, macro_bridge_min=0.075, macro_bridge_max=0.098, macro_focus_min=0.34, macro_focus_max=0.38, macro_path_min=0.97, macro_path_max=1.01, maze_revisit_thr=2, maze_stall_steps=18, reverse_required_thr=0.1, trap_thr=0.54, progress_eps=0.02, commit_fail_margin=0.05, failure_ttl=32, history_window=16, cell_stride=2, yaw_bins=24) score=(1, 0.0, 0.0, 0.0, 0.0, 0.0, 0.04652231134739926)
[CX34-A (Full)] 5/18
[CX34-A (Full)] 10/18
[CX34-A (Full)] 15/18
[CX34-A (Full)] 18/18
[CX34-A (No-Custom-Macro-Rescue)] 5/18
[CX34-A (No-Custom-Macro-Rescue)] 10/18
[CX34-A (No-Custom-Macro-Rescue)] 15/18
[CX34-A (No-Custom-Macro-Rescue)] 18/18
